\BOOKMARK [1][-]{section.1}{\376\377\122\376\200\241\133\232\164\006\127\050\123\344\116\343}{}% 1
