\BOOKMARK [1][-]{section.1}{\376\377\121\154\137\017\155\113\213\325}{}% 1
