\BOOKMARK [1][-]{section.1}{\376\377\000N\000o\000S\000Q\000L\166\204\215\167\156\220}{}% 1
\BOOKMARK [1][-]{section.2}{\376\377\000N\000o\000S\000Q\000L\145\160\143\156\136\223\166\204\123\321\134\125\123\237\126\340}{}% 2
\BOOKMARK [1][-]{section.3}{\376\377\000N\000o\000S\000Q\000L\142\200\147\057\173\200\116\313}{}% 3
\BOOKMARK [2][-]{subsection.3.1}{\376\377\000N\000o\000S\000Q\000L\151\202\137\365\116\016\162\171\140\047}{section.3}% 4
\BOOKMARK [2][-]{subsection.3.2}{\376\377\127\372\116\216\000K\000e\000y\120\074\166\204\145\160\143\156\152\041\127\213}{section.3}% 5
\BOOKMARK [1][-]{section.4}{\376\377\000M\000o\000n\000g\000o\000D\000B\173\200\116\313}{}% 6
\BOOKMARK [2][-]{subsection.4.1}{\376\377\000M\000o\000n\000g\000o\000D\000B\162\171\140\047}{section.4}% 7
\BOOKMARK [2][-]{subsection.4.2}{\376\377\000M\000o\000n\000g\000o\000D\000B\136\224\165\050\127\072\146\157}{section.4}% 8
\BOOKMARK [2][-]{subsection.4.3}{\376\377\000M\000o\000n\000g\000o\000D\000B\133\146\116\140\137\303\137\227}{section.4}% 9
\BOOKMARK [1][-]{section.5}{\376\377\121\166\116\326\136\070\211\301\166\204\000N\000o\000S\000Q\000L\145\160\143\156\136\223\133\236\163\260}{}% 10
\BOOKMARK [2][-]{subsection.5.1}{\376\377\145\207\150\143\127\213\145\160\143\156\136\223}{section.5}% 11
\BOOKMARK [3][-]{subsubsection.5.1.1}{\376\377\000C\000o\000u\000c\000h\000D\000B}{subsection.5.1}% 12
\BOOKMARK [3][-]{subsubsection.5.1.2}{\376\377\000O\000r\000i\000e\000n\000t\000D\000B}{subsection.5.1}% 13
\BOOKMARK [3][-]{subsubsection.5.1.3}{\376\377\000T\000e\000r\000r\000a\000s\000t\000o\000r\000e}{subsection.5.1}% 14
\BOOKMARK [2][-]{subsection.5.2}{\376\377\145\366\136\217\145\160\143\156\136\223}{section.5}% 15
\BOOKMARK [3][-]{subsubsection.5.2.1}{\376\377\000A\000p\000a\000c\000h\000e\000\040\000C\000a\000s\000s\000a\000n\000d\000r\000a}{subsection.5.2}% 16
\BOOKMARK [2][-]{subsection.5.3}{\376\377\121\166\116\326\137\000\156\220\145\160\143\156\136\223}{section.5}% 17
\BOOKMARK [3][-]{subsubsection.5.3.1}{\376\377\000H\000y\000p\000e\000r\000t\000a\000b\000l\000e}{subsection.5.3}% 18
\BOOKMARK [3][-]{subsubsection.5.3.2}{\376\377\000R\000e\000d\000i\000s}{subsection.5.3}% 19
\BOOKMARK [3][-]{subsubsection.5.3.3}{\376\377\000H\000B\000a\000s\000e}{subsection.5.3}% 20
\BOOKMARK [1][-]{section.6}{\376\377\140\073\176\323}{}% 21
